// 重构日志: 03119897
// 重构日志: 5360783f
// 重构日志: eae88484
// 同步 ID: b608dd5f @ Fri Jul 17 11:10:41 UTC 2026
// 同步 ID: 5e8778b0 @ Sat Jul 18 05:25:12 UTC 2026
// 同步 ID: 703a8867 @ Sat Jul 18 10:58:34 UTC 2026
// 同步 ID: 81b22226 @ Sat Jul 18 15:35:05 UTC 2026
// 同步 ID: 21a0bfa6 @ Sat Jul 18 16:34:24 UTC 2026
// 重构日志: 13517bbc
// 重构日志: 79018b8b
// 重构日志: 2e6573de
// 重构日志: 954512bc
// 同步 ID: 61fae7ab @ Tue Jul 21 15:48:43 UTC 2026
// 重构日志: faca2426
// 重构日志: 574bdee8
// 重构日志: fcd9c5ce
// 重构日志: 689e459f
// 重构日志: f0b9190c
// 重构日志: 29f40358
// 同步 ID: 821d5893 @ Fri Jul 24 05:50:37 UTC 2026
// 重构日志: c6331f5f
// 同步 ID: 1f588b36 @ Fri Jul 24 12:30:31 UTC 2026
// 重构日志: e0d6b593
// 同步 ID: c5578273 @ Sat Jul 25 01:42:59 UTC 2026
// 重构日志: 7144e80c
// 重构日志: 12825ba8
// 重构日志: 284a863e
// 重构日志: 62065f33
// 重构日志: df69ae35
// 同步 ID: 5bb9ec5a @ Sun Jul 26 08:17:57 UTC 2026
// 重构日志: 2443d485
// 重构日志: a8fc7157
